============================= test session starts =============================
platform win32 -- Python 3.13.7, pytest-8.4.1, pluggy-1.6.0 -- C:\Users\fedez\AppData\Local\pypoetry\Cache\virtualenvs\fastapi-gateway-zTN3nP3l-py3.13\Scripts\python.exe
cachedir: .pytest_cache
rootdir: C:\Users\fedez\Desktop\orientati\backend\fastapi-gateway
configfile: pytest.ini
plugins: anyio-4.10.0
collecting ... collected 1 item

tests/test_openapi.py::test_openapi_schema FAILED                        [100%]

================================== FAILURES ===================================
_____________________________ test_openapi_schema _____________________________

client = <httpx.AsyncClient object at 0x0000023151E15010>

    @pytest.mark.anyio
    async def test_openapi_schema(client):
>       response = await client.get("/openapi.json")
                   ^^^^^^^^^^^^^^^^^^^^^^^^^^^^^^^^^

tests\test_openapi.py:7: 
_ _ _ _ _ _ _ _ _ _ _ _ _ _ _ _ _ _ _ _ _ _ _ _ _ _ _ _ _ _ _ _ _ _ _ _ _ _ _ _
..\..\..\..\AppData\Local\pypoetry\Cache\virtualenvs\fastapi-gateway-zTN3nP3l-py3.13\Lib\site-packages\httpx\_client.py:1768: in get
    return await self.request(
..\..\..\..\AppData\Local\pypoetry\Cache\virtualenvs\fastapi-gateway-zTN3nP3l-py3.13\Lib\site-packages\httpx\_client.py:1540: in request
    return await self.send(request, auth=auth, follow_redirects=follow_redirects)
           ^^^^^^^^^^^^^^^^^^^^^^^^^^^^^^^^^^^^^^^^^^^^^^^^^^^^^^^^^^^^^^^^^^^^^^
..\..\..\..\AppData\Local\pypoetry\Cache\virtualenvs\fastapi-gateway-zTN3nP3l-py3.13\Lib\site-packages\sentry_sdk\integrations\httpx.py:150: in send
    rv = await real_send(self, request, **kwargs)
         ^^^^^^^^^^^^^^^^^^^^^^^^^^^^^^^^^^^^^^^^
..\..\..\..\AppData\Local\pypoetry\Cache\virtualenvs\fastapi-gateway-zTN3nP3l-py3.13\Lib\site-packages\httpx\_client.py:1629: in send
    response = await self._send_handling_auth(
..\..\..\..\AppData\Local\pypoetry\Cache\virtualenvs\fastapi-gateway-zTN3nP3l-py3.13\Lib\site-packages\httpx\_client.py:1657: in _send_handling_auth
    response = await self._send_handling_redirects(
..\..\..\..\AppData\Local\pypoetry\Cache\virtualenvs\fastapi-gateway-zTN3nP3l-py3.13\Lib\site-packages\httpx\_client.py:1694: in _send_handling_redirects
    response = await self._send_single_request(request)
               ^^^^^^^^^^^^^^^^^^^^^^^^^^^^^^^^^^^^^^^^
..\..\..\..\AppData\Local\pypoetry\Cache\virtualenvs\fastapi-gateway-zTN3nP3l-py3.13\Lib\site-packages\httpx\_client.py:1730: in _send_single_request
    response = await transport.handle_async_request(request)
               ^^^^^^^^^^^^^^^^^^^^^^^^^^^^^^^^^^^^^^^^^^^^^
..\..\..\..\AppData\Local\pypoetry\Cache\virtualenvs\fastapi-gateway-zTN3nP3l-py3.13\Lib\site-packages\httpx\_transports\asgi.py:170: in handle_async_request
    await self.app(scope, receive, send)
..\..\..\..\AppData\Local\pypoetry\Cache\virtualenvs\fastapi-gateway-zTN3nP3l-py3.13\Lib\site-packages\fastapi\applications.py:1054: in __call__
    await super().__call__(scope, receive, send)
..\..\..\..\AppData\Local\pypoetry\Cache\virtualenvs\fastapi-gateway-zTN3nP3l-py3.13\Lib\site-packages\sentry_sdk\integrations\starlette.py:406: in _sentry_patched_asgi_app
    return await middleware(scope, receive, send)
           ^^^^^^^^^^^^^^^^^^^^^^^^^^^^^^^^^^^^^^
..\..\..\..\AppData\Local\pypoetry\Cache\virtualenvs\fastapi-gateway-zTN3nP3l-py3.13\Lib\site-packages\sentry_sdk\integrations\asgi.py:179: in _run_asgi3
    return await self._run_app(scope, receive, send, asgi_version=3)
           ^^^^^^^^^^^^^^^^^^^^^^^^^^^^^^^^^^^^^^^^^^^^^^^^^^^^^^^^^
..\..\..\..\AppData\Local\pypoetry\Cache\virtualenvs\fastapi-gateway-zTN3nP3l-py3.13\Lib\site-packages\sentry_sdk\integrations\asgi.py:269: in _run_app
    raise exc from None
..\..\..\..\AppData\Local\pypoetry\Cache\virtualenvs\fastapi-gateway-zTN3nP3l-py3.13\Lib\site-packages\sentry_sdk\integrations\asgi.py:264: in _run_app
    return await self.app(
..\..\..\..\AppData\Local\pypoetry\Cache\virtualenvs\fastapi-gateway-zTN3nP3l-py3.13\Lib\site-packages\starlette\applications.py:113: in __call__
    await self.middleware_stack(scope, receive, send)
..\..\..\..\AppData\Local\pypoetry\Cache\virtualenvs\fastapi-gateway-zTN3nP3l-py3.13\Lib\site-packages\sentry_sdk\integrations\starlette.py:197: in _create_span_call
    return await old_call(app, scope, new_receive, new_send, **kwargs)
           ^^^^^^^^^^^^^^^^^^^^^^^^^^^^^^^^^^^^^^^^^^^^^^^^^^^^^^^^^^^
..\..\..\..\AppData\Local\pypoetry\Cache\virtualenvs\fastapi-gateway-zTN3nP3l-py3.13\Lib\site-packages\starlette\middleware\errors.py:186: in __call__
    raise exc
..\..\..\..\AppData\Local\pypoetry\Cache\virtualenvs\fastapi-gateway-zTN3nP3l-py3.13\Lib\site-packages\starlette\middleware\errors.py:164: in __call__
    await self.app(scope, receive, _send)
..\..\..\..\AppData\Local\pypoetry\Cache\virtualenvs\fastapi-gateway-zTN3nP3l-py3.13\Lib\site-packages\sentry_sdk\integrations\starlette.py:197: in _create_span_call
    return await old_call(app, scope, new_receive, new_send, **kwargs)
           ^^^^^^^^^^^^^^^^^^^^^^^^^^^^^^^^^^^^^^^^^^^^^^^^^^^^^^^^^^^
..\..\..\..\AppData\Local\pypoetry\Cache\virtualenvs\fastapi-gateway-zTN3nP3l-py3.13\Lib\site-packages\starlette\middleware\gzip.py:29: in __call__
    await responder(scope, receive, send)
..\..\..\..\AppData\Local\pypoetry\Cache\virtualenvs\fastapi-gateway-zTN3nP3l-py3.13\Lib\site-packages\starlette\middleware\gzip.py:130: in __call__
    await super().__call__(scope, receive, send)
..\..\..\..\AppData\Local\pypoetry\Cache\virtualenvs\fastapi-gateway-zTN3nP3l-py3.13\Lib\site-packages\starlette\middleware\gzip.py:46: in __call__
    await self.app(scope, receive, self.send_with_compression)
..\..\..\..\AppData\Local\pypoetry\Cache\virtualenvs\fastapi-gateway-zTN3nP3l-py3.13\Lib\site-packages\sentry_sdk\integrations\starlette.py:197: in _create_span_call
    return await old_call(app, scope, new_receive, new_send, **kwargs)
           ^^^^^^^^^^^^^^^^^^^^^^^^^^^^^^^^^^^^^^^^^^^^^^^^^^^^^^^^^^^
..\..\..\..\AppData\Local\pypoetry\Cache\virtualenvs\fastapi-gateway-zTN3nP3l-py3.13\Lib\site-packages\starlette\middleware\cors.py:85: in __call__
    await self.app(scope, receive, send)
..\..\..\..\AppData\Local\pypoetry\Cache\virtualenvs\fastapi-gateway-zTN3nP3l-py3.13\Lib\site-packages\sentry_sdk\integrations\starlette.py:197: in _create_span_call
    return await old_call(app, scope, new_receive, new_send, **kwargs)
           ^^^^^^^^^^^^^^^^^^^^^^^^^^^^^^^^^^^^^^^^^^^^^^^^^^^^^^^^^^^
..\..\..\..\AppData\Local\pypoetry\Cache\virtualenvs\fastapi-gateway-zTN3nP3l-py3.13\Lib\site-packages\starlette\middleware\base.py:182: in __call__
    with recv_stream, send_stream, collapse_excgroups():
                                   ^^^^^^^^^^^^^^^^^^^^
..\..\..\..\AppData\Local\Programs\Python\Python313\Lib\contextlib.py:162: in __exit__
    self.gen.throw(value)
..\..\..\..\AppData\Local\pypoetry\Cache\virtualenvs\fastapi-gateway-zTN3nP3l-py3.13\Lib\site-packages\starlette\_utils.py:83: in collapse_excgroups
    raise exc
..\..\..\..\AppData\Local\pypoetry\Cache\virtualenvs\fastapi-gateway-zTN3nP3l-py3.13\Lib\site-packages\starlette\middleware\base.py:184: in __call__
    response = await self.dispatch_func(request, call_next)
               ^^^^^^^^^^^^^^^^^^^^^^^^^^^^^^^^^^^^^^^^^^^^
app\main.py:123: in add_security_headers
    response = await call_next(request)
               ^^^^^^^^^^^^^^^^^^^^^^^^
..\..\..\..\AppData\Local\pypoetry\Cache\virtualenvs\fastapi-gateway-zTN3nP3l-py3.13\Lib\site-packages\starlette\middleware\base.py:159: in call_next
    raise app_exc
..\..\..\..\AppData\Local\pypoetry\Cache\virtualenvs\fastapi-gateway-zTN3nP3l-py3.13\Lib\site-packages\starlette\middleware\base.py:144: in coro
    await self.app(scope, receive_or_disconnect, send_no_error)
..\..\..\..\AppData\Local\pypoetry\Cache\virtualenvs\fastapi-gateway-zTN3nP3l-py3.13\Lib\site-packages\sentry_sdk\integrations\starlette.py:197: in _create_span_call
    return await old_call(app, scope, new_receive, new_send, **kwargs)
           ^^^^^^^^^^^^^^^^^^^^^^^^^^^^^^^^^^^^^^^^^^^^^^^^^^^^^^^^^^^
..\..\..\..\AppData\Local\pypoetry\Cache\virtualenvs\fastapi-gateway-zTN3nP3l-py3.13\Lib\site-packages\starlette\middleware\base.py:182: in __call__
    with recv_stream, send_stream, collapse_excgroups():
                                   ^^^^^^^^^^^^^^^^^^^^
..\..\..\..\AppData\Local\Programs\Python\Python313\Lib\contextlib.py:162: in __exit__
    self.gen.throw(value)
..\..\..\..\AppData\Local\pypoetry\Cache\virtualenvs\fastapi-gateway-zTN3nP3l-py3.13\Lib\site-packages\starlette\_utils.py:83: in collapse_excgroups
    raise exc
..\..\..\..\AppData\Local\pypoetry\Cache\virtualenvs\fastapi-gateway-zTN3nP3l-py3.13\Lib\site-packages\starlette\middleware\base.py:184: in __call__
    response = await self.dispatch_func(request, call_next)
               ^^^^^^^^^^^^^^^^^^^^^^^^^^^^^^^^^^^^^^^^^^^^
..\..\..\..\AppData\Local\pypoetry\Cache\virtualenvs\fastapi-gateway-zTN3nP3l-py3.13\Lib\site-packages\slowapi\middleware.py:136: in dispatch
    response = await call_next(request)
               ^^^^^^^^^^^^^^^^^^^^^^^^
..\..\..\..\AppData\Local\pypoetry\Cache\virtualenvs\fastapi-gateway-zTN3nP3l-py3.13\Lib\site-packages\starlette\middleware\base.py:159: in call_next
    raise app_exc
..\..\..\..\AppData\Local\pypoetry\Cache\virtualenvs\fastapi-gateway-zTN3nP3l-py3.13\Lib\site-packages\starlette\middleware\base.py:144: in coro
    await self.app(scope, receive_or_disconnect, send_no_error)
..\..\..\..\AppData\Local\pypoetry\Cache\virtualenvs\fastapi-gateway-zTN3nP3l-py3.13\Lib\site-packages\sentry_sdk\integrations\starlette.py:295: in _sentry_exceptionmiddleware_call
    await old_call(self, scope, receive, send)
..\..\..\..\AppData\Local\pypoetry\Cache\virtualenvs\fastapi-gateway-zTN3nP3l-py3.13\Lib\site-packages\sentry_sdk\integrations\starlette.py:197: in _create_span_call
    return await old_call(app, scope, new_receive, new_send, **kwargs)
           ^^^^^^^^^^^^^^^^^^^^^^^^^^^^^^^^^^^^^^^^^^^^^^^^^^^^^^^^^^^
..\..\..\..\AppData\Local\pypoetry\Cache\virtualenvs\fastapi-gateway-zTN3nP3l-py3.13\Lib\site-packages\starlette\middleware\exceptions.py:63: in __call__
    await wrap_app_handling_exceptions(self.app, conn)(scope, receive, send)
..\..\..\..\AppData\Local\pypoetry\Cache\virtualenvs\fastapi-gateway-zTN3nP3l-py3.13\Lib\site-packages\starlette\_exception_handler.py:53: in wrapped_app
    raise exc
..\..\..\..\AppData\Local\pypoetry\Cache\virtualenvs\fastapi-gateway-zTN3nP3l-py3.13\Lib\site-packages\starlette\_exception_handler.py:42: in wrapped_app
    await app(scope, receive, sender)
..\..\..\..\AppData\Local\pypoetry\Cache\virtualenvs\fastapi-gateway-zTN3nP3l-py3.13\Lib\site-packages\starlette\routing.py:716: in __call__
    await self.middleware_stack(scope, receive, send)
..\..\..\..\AppData\Local\pypoetry\Cache\virtualenvs\fastapi-gateway-zTN3nP3l-py3.13\Lib\site-packages\starlette\routing.py:736: in app
    await route.handle(scope, receive, send)
..\..\..\..\AppData\Local\pypoetry\Cache\virtualenvs\fastapi-gateway-zTN3nP3l-py3.13\Lib\site-packages\starlette\routing.py:290: in handle
    await self.app(scope, receive, send)
..\..\..\..\AppData\Local\pypoetry\Cache\virtualenvs\fastapi-gateway-zTN3nP3l-py3.13\Lib\site-packages\starlette\routing.py:78: in app
    await wrap_app_handling_exceptions(app, request)(scope, receive, send)
..\..\..\..\AppData\Local\pypoetry\Cache\virtualenvs\fastapi-gateway-zTN3nP3l-py3.13\Lib\site-packages\starlette\_exception_handler.py:53: in wrapped_app
    raise exc
..\..\..\..\AppData\Local\pypoetry\Cache\virtualenvs\fastapi-gateway-zTN3nP3l-py3.13\Lib\site-packages\starlette\_exception_handler.py:42: in wrapped_app
    await app(scope, receive, sender)
..\..\..\..\AppData\Local\pypoetry\Cache\virtualenvs\fastapi-gateway-zTN3nP3l-py3.13\Lib\site-packages\starlette\routing.py:75: in app
    response = await f(request)
               ^^^^^^^^^^^^^^^^
..\..\..\..\AppData\Local\pypoetry\Cache\virtualenvs\fastapi-gateway-zTN3nP3l-py3.13\Lib\site-packages\sentry_sdk\integrations\starlette.py:477: in _sentry_async_func
    return await old_func(*args, **kwargs)
           ^^^^^^^^^^^^^^^^^^^^^^^^^^^^^^^
..\..\..\..\AppData\Local\pypoetry\Cache\virtualenvs\fastapi-gateway-zTN3nP3l-py3.13\Lib\site-packages\fastapi\applications.py:1009: in openapi
    return JSONResponse(self.openapi())
                        ^^^^^^^^^^^^^^
..\..\..\..\AppData\Local\pypoetry\Cache\virtualenvs\fastapi-gateway-zTN3nP3l-py3.13\Lib\site-packages\fastapi\applications.py:981: in openapi
    self.openapi_schema = get_openapi(
..\..\..\..\AppData\Local\pypoetry\Cache\virtualenvs\fastapi-gateway-zTN3nP3l-py3.13\Lib\site-packages\fastapi\openapi\utils.py:514: in get_openapi
    field_mapping, definitions = get_definitions(
..\..\..\..\AppData\Local\pypoetry\Cache\virtualenvs\fastapi-gateway-zTN3nP3l-py3.13\Lib\site-packages\fastapi\_compat.py:232: in get_definitions
    field_mapping, definitions = schema_generator.generate_definitions(
..\..\..\..\AppData\Local\pypoetry\Cache\virtualenvs\fastapi-gateway-zTN3nP3l-py3.13\Lib\site-packages\pydantic\json_schema.py:363: in generate_definitions
    self.generate_inner(schema)
..\..\..\..\AppData\Local\pypoetry\Cache\virtualenvs\fastapi-gateway-zTN3nP3l-py3.13\Lib\site-packages\pydantic\json_schema.py:443: in generate_inner
    if 'ref' in schema:
       ^^^^^^^^^^^^^^^
<frozen _collections_abc>:817: in __contains__
    ???
..\..\..\..\AppData\Local\pypoetry\Cache\virtualenvs\fastapi-gateway-zTN3nP3l-py3.13\Lib\site-packages\pydantic\_internal\_mock_val_ser.py:41: in __getitem__
    return self._get_built().__getitem__(key)
           ^^^^^^^^^^^^^^^^^
_ _ _ _ _ _ _ _ _ _ _ _ _ _ _ _ _ _ _ _ _ _ _ _ _ _ _ _ _ _ _ _ _ _ _ _ _ _ _ _

self = <pydantic._internal._mock_val_ser.MockCoreSchema object at 0x0000023151C8E580>

    def _get_built(self) -> CoreSchema:
        if self._built_memo is not None:
            return self._built_memo
    
        if self._attempt_rebuild:
            schema = self._attempt_rebuild()
            if schema is not None:
                self._built_memo = schema
                return schema
>       raise PydanticUserError(self._error_message, code=self._code)
E       pydantic.errors.PydanticUserError: `TypeAdapter[typing.Annotated[ForwardRef('ChangePasswordRequest'), Query(PydanticUndefined)]]` is not fully defined; you should define `typing.Annotated[ForwardRef('ChangePasswordRequest'), Query(PydanticUndefined)]` and all referenced types, then call `.rebuild()` on the instance.
E       
E       For further information visit https://errors.pydantic.dev/2.11/u/class-not-fully-defined

..\..\..\..\AppData\Local\pypoetry\Cache\virtualenvs\fastapi-gateway-zTN3nP3l-py3.13\Lib\site-packages\pydantic\_internal\_mock_val_ser.py:58: PydanticUserError
============================== warnings summary ===============================
..\..\..\..\AppData\Local\pypoetry\Cache\virtualenvs\fastapi-gateway-zTN3nP3l-py3.13\Lib\site-packages\passlib\handlers\argon2.py:716
  C:\Users\fedez\AppData\Local\pypoetry\Cache\virtualenvs\fastapi-gateway-zTN3nP3l-py3.13\Lib\site-packages\passlib\handlers\argon2.py:716: DeprecationWarning: Accessing argon2.__version__ is deprecated and will be removed in a future release. Use importlib.metadata directly to query for argon2-cffi's packaging metadata.
    _argon2_cffi.__version__, max_version)

app\api\v1\routes\school.py:32
  C:\Users\fedez\Desktop\orientati\backend\fastapi-gateway\app\api\v1\routes\school.py:32: DeprecationWarning: `regex` has been deprecated, please use `pattern` instead
    order: str = Query(default="asc", regex="^(asc|desc)$", description="Ordine: asc o desc")

app\api\v1\routes\materie.py:27
  C:\Users\fedez\Desktop\orientati\backend\fastapi-gateway\app\api\v1\routes\materie.py:27: DeprecationWarning: `regex` has been deprecated, please use `pattern` instead
    order: str = Query(default="asc", regex="^(asc|desc)$", description="Ordine: asc o desc")

app\api\v1\routes\indirizzi.py:28
  C:\Users\fedez\Desktop\orientati\backend\fastapi-gateway\app\api\v1\routes\indirizzi.py:28: DeprecationWarning: `regex` has been deprecated, please use `pattern` instead
    order: str = Query(default="asc", regex="^(asc|desc)$", description="Ordine: asc o desc")

app\api\v1\routes\citta.py:28
  C:\Users\fedez\Desktop\orientati\backend\fastapi-gateway\app\api\v1\routes\citta.py:28: DeprecationWarning: `regex` has been deprecated, please use `pattern` instead
    order: str = Query(default="asc", regex="^(asc|desc)$", description="Ordine: asc o desc")

..\..\..\..\AppData\Local\pypoetry\Cache\virtualenvs\fastapi-gateway-zTN3nP3l-py3.13\Lib\site-packages\sentry_sdk\client.py:288
  C:\Users\fedez\AppData\Local\pypoetry\Cache\virtualenvs\fastapi-gateway-zTN3nP3l-py3.13\Lib\site-packages\sentry_sdk\client.py:288: DeprecationWarning: The `enable_tracing` parameter is deprecated. Please use `traces_sample_rate` instead.
    super(_Client, self).__init__(options=get_options(*args, **kwargs))

..\..\..\..\AppData\Local\pypoetry\Cache\virtualenvs\fastapi-gateway-zTN3nP3l-py3.13\Lib\site-packages\_pytest\config\__init__.py:1474
  C:\Users\fedez\AppData\Local\pypoetry\Cache\virtualenvs\fastapi-gateway-zTN3nP3l-py3.13\Lib\site-packages\_pytest\config\__init__.py:1474: PytestConfigWarning: Unknown config option: asyncio_default_fixture_loop_scope
  
    self._warn_or_fail_if_strict(f"Unknown config option: {key}\n")

..\..\..\..\AppData\Local\pypoetry\Cache\virtualenvs\fastapi-gateway-zTN3nP3l-py3.13\Lib\site-packages\_pytest\config\__init__.py:1474
  C:\Users\fedez\AppData\Local\pypoetry\Cache\virtualenvs\fastapi-gateway-zTN3nP3l-py3.13\Lib\site-packages\_pytest\config\__init__.py:1474: PytestConfigWarning: Unknown config option: asyncio_mode
  
    self._warn_or_fail_if_strict(f"Unknown config option: {key}\n")

-- Docs: https://docs.pytest.org/en/stable/how-to/capture-warnings.html
=========================== short test summary info ===========================
FAILED tests/test_openapi.py::test_openapi_schema - pydantic.errors.PydanticUserError: `TypeAdapter[typing.Annotated[ForwardRef('ChangePasswordRequest'), Query(PydanticUndefined)]]` is not fully defined; you should define `typing.Annotated[ForwardRef('ChangePasswordRequest'), Query(PydanticUndefined)]` and all referenced types, then call `.rebuild()` on the instance.

For further information visit https://errors.pydantic.dev/2.11/u/class-not-fully-defined
======================== 1 failed, 8 warnings in 0.68s ========================
